scripts/debug-users.ts(18,85): error TS2551: Property 'is_deleted' does not exist on type '{ id: string; createdAt: Date; updatedAt: Date; firstName: string; lastName: string; email: string; phoneNumber: string | null; isPhoneVerified: boolean; isEmailVerified: boolean; ... 6 more ...; deletedAt: Date | null; }'. Did you mean 'isDeleted'?
scripts/debug-users.ts(18,115): error TS2551: Property 'is_deleted' does not exist on type '{ id: string; createdAt: Date; updatedAt: Date; firstName: string; lastName: string; email: string; phoneNumber: string | null; isPhoneVerified: boolean; isEmailVerified: boolean; ... 6 more ...; deletedAt: Date | null; }'. Did you mean 'isDeleted'?
scripts/debug-users.ts(30,16): error TS2561: Object literal may only specify known properties, but 'is_deleted' does not exist in type 'UserWhereInput'. Did you mean to write 'isDeleted'?
scripts/debug-users.ts(38,9): error TS2561: Object literal may only specify known properties, but 'is_deleted' does not exist in type 'UserWhereInput'. Did you mean to write 'isDeleted'?
scripts/debug-visibility.ts(17,16): error TS2561: Object literal may only specify known properties, but 'is_deleted' does not exist in type 'VendorWhereInput'. Did you mean to write 'isDeleted'?
scripts/debug-visibility.ts(30,16): error TS2561: Object literal may only specify known properties, but 'is_deleted' does not exist in type 'ProjectWhereInput'. Did you mean to write 'isDeleted'?
scripts/repair-users.ts(45,17): error TS2561: Object literal may only specify known properties, but 'is_deleted' does not exist in type '(Without<UserUpdateInput, UserUncheckedUpdateInput> & UserUncheckedUpdateInput) | (Without<...> & UserUpdateInput)'. Did you mean to write 'isDeleted'?
scripts/repair-visibility.ts(18,49): error TS2551: Property 'company_name' does not exist on type '{ id: string; createdAt: Date; updatedAt: Date; isDeleted: boolean; deletedAt: Date | null; rejectionReason: string | null; userId: string; addressStreet: string | null; ... 11 more ...; vendorStatus: VendorStatus; }'. Did you mean 'companyName'?
scripts/repair-visibility.ts(21,17): error TS2561: Object literal may only specify known properties, but 'is_deleted' does not exist in type '(Without<VendorUpdateInput, VendorUncheckedUpdateInput> & VendorUncheckedUpdateInput) | (Without<...> & VendorUpdateInput)'. Did you mean to write 'isDeleted'?
scripts/repair-visibility.ts(33,17): error TS2561: Object literal may only specify known properties, but 'is_deleted' does not exist in type '(Without<ProjectUpdateInput, ProjectUncheckedUpdateInput> & ProjectUncheckedUpdateInput) | (Without<...> & ProjectUpdateInput)'. Did you mean to write 'isDeleted'?
src/application/mappers/material.mapper.ts(5,8): error TS2307: Cannot find module '../../generated/client/models' or its corresponding type declarations.
src/application/mappers/project-phase.mapper.ts(59,7): error TS2322: Type 'string' is not assignable to type 'Status | EnumStatusFieldUpdateOperationsInput | undefined'.
src/application/mappers/project-phase/task.mapper.ts(51,7): error TS2322: Type 'string' is not assignable to type 'Status | undefined'.
src/application/mappers/project-phase/task.mapper.ts(52,7): error TS2322: Type 'string' is not assignable to type 'TaskPriority | undefined'.
src/application/mappers/project-phase/task.mapper.ts(77,7): error TS2322: Type 'string' is not assignable to type 'Status | EnumStatusFieldUpdateOperationsInput | undefined'.
src/application/mappers/project-phase/task.mapper.ts(78,7): error TS2322: Type 'string' is not assignable to type 'TaskPriority | EnumTaskPriorityFieldUpdateOperationsInput | undefined'.
src/infrastructure/repositories/project-phase/project-phase.repository.ts(52,17): error TS2322: Type 'ProjectPhaseStatus.DELETED' is not assignable to type 'Status | EnumStatusFieldUpdateOperationsInput | undefined'.
src/infrastructure/repositories/project-phase/task.repository.ts(57,17): error TS2322: Type 'TaskStatus.DELETED' is not assignable to type 'Status | EnumStatusFieldUpdateOperationsInput | undefined'.
src/infrastructure/repositories/project/attendance.repository.ts(79,7): error TS2322: Type 'string' is not assignable to type 'AttendanceMethod | undefined'.
src/infrastructure/repositories/project/attendance.repository.ts(97,7): error TS2322: Type 'string' is not assignable to type 'AttendanceMethod | EnumAttendanceMethodFieldUpdateOperationsInput | undefined'.
src/infrastructure/repositories/project/project-worker.query-repository.ts(39,18): error TS2339: Property 'members' does not exist on type '{ id: string; name: string; description: string | null; status: ProjectStatus; progress: number; createdAt: Date; updatedAt: Date; isDeleted: boolean; deletedAt: Date | null; ... 7 more ...; longitude: number | null; }'.
src/infrastructure/repositories/project/project-worker.query-repository.ts(40,32): error TS2339: Property 'members' does not exist on type '{ id: string; name: string; description: string | null; status: ProjectStatus; progress: number; createdAt: Date; updatedAt: Date; isDeleted: boolean; deletedAt: Date | null; ... 7 more ...; longitude: number | null; }'.
src/infrastructure/repositories/project/project-worker.query-repository.ts(41,17): error TS2339: Property 'members' does not exist on type '{ id: string; name: string; description: string | null; status: ProjectStatus; progress: number; createdAt: Date; updatedAt: Date; isDeleted: boolean; deletedAt: Date | null; ... 7 more ...; longitude: number | null; }'.
src/infrastructure/repositories/project/project-worker.query-repository.ts(46,32): error TS2339: Property 'members' does not exist on type '{ id: string; name: string; description: string | null; status: ProjectStatus; progress: number; createdAt: Date; updatedAt: Date; isDeleted: boolean; deletedAt: Date | null; ... 7 more ...; longitude: number | null; }'.
src/infrastructure/repositories/project/project-worker.query-repository.ts(111,32): error TS2339: Property 'members' does not exist on type '{ id: string; name: string; description: string | null; status: ProjectStatus; progress: number; createdAt: Date; updatedAt: Date; isDeleted: boolean; deletedAt: Date | null; ... 7 more ...; longitude: number | null; }'.
src/infrastructure/repositories/project/project-worker.query-repository.ts(133,32): error TS2339: Property 'members' does not exist on type '{ id: string; name: string; description: string | null; status: ProjectStatus; progress: number; createdAt: Date; updatedAt: Date; isDeleted: boolean; deletedAt: Date | null; ... 7 more ...; longitude: number | null; }'.
src/infrastructure/repositories/project/project-worker.repository.ts(43,18): error TS2339: Property 'members' does not exist on type '{ id: string; name: string; description: string | null; status: ProjectStatus; progress: number; createdAt: Date; updatedAt: Date; isDeleted: boolean; deletedAt: Date | null; ... 7 more ...; longitude: number | null; }'.
src/infrastructure/repositories/project/project-worker.repository.ts(73,13): error TS2353: Object literal may only specify known properties, and 'push' does not exist in type 'ProjectMemberUncheckedUpdateManyWithoutProjectNestedInput | ProjectMemberUpdateManyWithoutProjectNestedInput'.
src/infrastructure/repositories/project/project-worker.repository.ts(79,25): error TS2339: Property 'members' does not exist on type '{ id: string; name: string; description: string | null; status: ProjectStatus; progress: number; createdAt: Date; updatedAt: Date; isDeleted: boolean; deletedAt: Date | null; ... 7 more ...; longitude: number | null; }'.
src/infrastructure/repositories/project/project-worker.repository.ts(112,32): error TS2339: Property 'members' does not exist on type '{ id: string; name: string; description: string | null; status: ProjectStatus; progress: number; createdAt: Date; updatedAt: Date; isDeleted: boolean; deletedAt: Date | null; ... 7 more ...; longitude: number | null; }'.
src/infrastructure/repositories/project/project-worker.repository.ts(123,11): error TS2322: Type 'InputJsonValue' is not assignable to type 'ProjectMemberUncheckedUpdateManyWithoutProjectNestedInput | ProjectMemberUpdateManyWithoutProjectNestedInput | undefined'.
  Type 'string' is not assignable to type 'ProjectMemberUncheckedUpdateManyWithoutProjectNestedInput | ProjectMemberUpdateManyWithoutProjectNestedInput | undefined'.
src/infrastructure/repositories/project/project-worker.repository.ts(128,25): error TS2339: Property 'members' does not exist on type '{ id: string; name: string; description: string | null; status: ProjectStatus; progress: number; createdAt: Date; updatedAt: Date; isDeleted: boolean; deletedAt: Date | null; ... 7 more ...; longitude: number | null; }'.
src/infrastructure/repositories/project/project-worker.repository.ts(159,32): error TS2339: Property 'members' does not exist on type '{ id: string; name: string; description: string | null; status: ProjectStatus; progress: number; createdAt: Date; updatedAt: Date; isDeleted: boolean; deletedAt: Date | null; ... 7 more ...; longitude: number | null; }'.
src/infrastructure/repositories/project/project-worker.repository.ts(174,11): error TS2322: Type 'InputJsonValue' is not assignable to type 'ProjectMemberUncheckedUpdateManyWithoutProjectNestedInput | ProjectMemberUpdateManyWithoutProjectNestedInput | undefined'.
  Type 'string' is not assignable to type 'ProjectMemberUncheckedUpdateManyWithoutProjectNestedInput | ProjectMemberUpdateManyWithoutProjectNestedInput | undefined'.
src/infrastructure/repositories/project/project.query-repository.ts(101,13): error TS2353: Object literal may only specify known properties, and 'array_contains' does not exist in type 'ProjectMemberListRelationFilter'.
